// Jest Snapshot v1, https://goo.gl/fbAQLP

exports[`Header header snapshot 1`] = `
Object {
  "asFragment": [Function],
  "baseElement": <body>
    <div>
      <div
        class="sc-bdnxRM kDvdYm"
      >
        <section
          class="sc-gtsrHT jnEPae"
        >
          <ul>
            <li
              class="sc-dlnjwi kBDWEO"
            >
              Cannes
            </li>
            <li
              class="sc-dlnjwi hgxtDD"
            >
              Venice
            </li>
            <li
              class="sc-dlnjwi hgxtDD"
            >
              Berlin
            </li>
            <li
              class="sc-dlnjwi hgxtDD"
            >
              Sundance
            </li>
          </ul>
        </section>
        <section
          class="sc-hKFxyN dUEzus"
        >
          <div>
            <img
              alt="logo"
              src="logo.png"
            />
            <p>
              Cinema Festivals
            </p>
          </div>
          <div />
        </section>
      </div>
    </div>
  </body>,
  "container": <div>
    <div
      class="sc-bdnxRM kDvdYm"
    >
      <section
        class="sc-gtsrHT jnEPae"
      >
        <ul>
          <li
            class="sc-dlnjwi kBDWEO"
          >
            Cannes
          </li>
          <li
            class="sc-dlnjwi hgxtDD"
          >
            Venice
          </li>
          <li
            class="sc-dlnjwi hgxtDD"
          >
            Berlin
          </li>
          <li
            class="sc-dlnjwi hgxtDD"
          >
            Sundance
          </li>
        </ul>
      </section>
      <section
        class="sc-hKFxyN dUEzus"
      >
        <div>
          <img
            alt="logo"
            src="logo.png"
          />
          <p>
            Cinema Festivals
          </p>
        </div>
        <div />
      </section>
    </div>
  </div>,
  "debug": [Function],
  "findAllByAltText": [Function],
  "findAllByDisplayValue": [Function],
  "findAllByLabelText": [Function],
  "findAllByPlaceholderText": [Function],
  "findAllByRole": [Function],
  "findAllByTestId": [Function],
  "findAllByText": [Function],
  "findAllByTitle": [Function],
  "findByAltText": [Function],
  "findByDisplayValue": [Function],
  "findByLabelText": [Function],
  "findByPlaceholderText": [Function],
  "findByRole": [Function],
  "findByTestId": [Function],
  "findByText": [Function],
  "findByTitle": [Function],
  "getAllByAltText": [Function],
  "getAllByDisplayValue": [Function],
  "getAllByLabelText": [Function],
  "getAllByPlaceholderText": [Function],
  "getAllByRole": [Function],
  "getAllByTestId": [Function],
  "getAllByText": [Function],
  "getAllByTitle": [Function],
  "getByAltText": [Function],
  "getByDisplayValue": [Function],
  "getByLabelText": [Function],
  "getByPlaceholderText": [Function],
  "getByRole": [Function],
  "getByTestId": [Function],
  "getByText": [Function],
  "getByTitle": [Function],
  "queryAllByAltText": [Function],
  "queryAllByDisplayValue": [Function],
  "queryAllByLabelText": [Function],
  "queryAllByPlaceholderText": [Function],
  "queryAllByRole": [Function],
  "queryAllByTestId": [Function],
  "queryAllByText": [Function],
  "queryAllByTitle": [Function],
  "queryByAltText": [Function],
  "queryByDisplayValue": [Function],
  "queryByLabelText": [Function],
  "queryByPlaceholderText": [Function],
  "queryByRole": [Function],
  "queryByTestId": [Function],
  "queryByText": [Function],
  "queryByTitle": [Function],
  "rerender": [Function],
  "store": Object {
    "@@observable": [Function],
    "dispatch": [Function],
    "getState": [Function],
    "replaceReducer": [Function],
    "subscribe": [Function],
  },
  "unmount": [Function],
}
`;
